— 视口 1249px（宽屏并排）—
PASS 1a 三个话术域页签 + 0–9 共 10 套
PASS 1b 二级分类同时只展开一个
PASS 1c 点已展开标题＝全收起
PASS 1d 点列表空白清除选中
PASS 1e 行上有纸飞机按钮与双击提示
PASS 2a 输入即出命中且带来源
PASS 2b 范围按钮只有 全部/当前
PASS 2c Tab 出 1–9、0 序号
PASS 2d 数字发送 → 退出搜索 + 定位那条话术
PASS 2e 无结果文案＝没有匹配结果
PASS 2f 回车发送选中那条并退搜索
PASS 2g Esc 退出搜索并把焦点交回列表
PASS 3a 方向键不退数字态、退格才退
PASS 3b Ctrl+数字 不发送、不退数字态
PASS 4a 吸附栏与聊天窗同宽同左、贴底边
PASS 4b 结果标题与命中行齐备
PASS 4c 吸附栏用完清词、收起结果并定位主界面
PASS 4d 最近搜索：空输入+面板激活+有历史才显示
PASS 4e 历史词超 12 字截断
PASS 4f 输入非空时最近搜索收起
PASS 5a 输入框是真 textarea
PASS 5b 回车发送且多行仍是两行
FAIL 5c 连发 8 条 → 8 条都有回复（超过 6 条也继续回） :: 回复 7 条
PASS 5e 重置演示后消息/序号/历史都清干净
PASS 6a 无横向溢出 :: 溢出 0px
PASS 6b 触屏单击＝贴进输入框（不发送）
PASS 6c 第 2 条触屏单击也生效
PASS 6d 数字键切套；面板可见时不滚屏 :: 滚动 829→829
PASS 7a 输入框都有 aria-label
PASS 7b 选中态用 aria-pressed 报出
PASS 7c 范围按钮是真 button
PASS 7d 二级标题 role/tabindex/aria-expanded 齐备
PASS 7e 二级标题回车能收起
PASS 7f 吸附栏输入框有可见焦点指示
PASS 8a 客户端原文都在 :: 全部命中
PASS 8b 不出现页面上没做的事（Alt+W/Alt+R）
PASS 9 全流程无 JS 报错
