起点：out=0 in=1
起点：out=0 in=1
第 1 次回车后：inputValue="连发第 1 条" out=0 in=1
起点：out=0 in=1
第 1 次回车后：inputValue="连发第 1 条" out=0 in=1
第 2 次回车后：inputValue="连发第 2 条" out=0 in=1
起点：out=0 in=1
第 1 次回车后：inputValue="连发第 1 条" out=0 in=1
第 2 次回车后：inputValue="连发第 2 条" out=0 in=1
第 3 次回车后：inputValue="连发第 3 条" out=0 in=1
起点：out=0 in=1
第 1 次回车后：inputValue="连发第 1 条" out=0 in=1
第 2 次回车后：inputValue="连发第 2 条" out=0 in=1
第 3 次回车后：inputValue="连发第 3 条" out=0 in=1
第 4 次回车后：inputValue="" out=1 in=1
起点：out=0 in=1
第 1 次回车后：inputValue="连发第 1 条" out=0 in=1
第 2 次回车后：inputValue="连发第 2 条" out=0 in=1
第 3 次回车后：inputValue="连发第 3 条" out=0 in=1
第 4 次回车后：inputValue="" out=1 in=1
第 5 次回车后：inputValue="" out=2 in=1
起点：out=0 in=1
第 1 次回车后：inputValue="连发第 1 条" out=0 in=1
第 2 次回车后：inputValue="连发第 2 条" out=0 in=1
第 3 次回车后：inputValue="连发第 3 条" out=0 in=1
第 4 次回车后：inputValue="" out=1 in=1
第 5 次回车后：inputValue="" out=2 in=1
第 6 次回车后：inputValue="" out=3 in=2
起点：out=0 in=1
第 1 次回车后：inputValue="连发第 1 条" out=0 in=1
第 2 次回车后：inputValue="连发第 2 条" out=0 in=1
第 3 次回车后：inputValue="连发第 3 条" out=0 in=1
第 4 次回车后：inputValue="" out=1 in=1
第 5 次回车后：inputValue="" out=2 in=1
第 6 次回车后：inputValue="" out=3 in=2
第 7 次回车后：inputValue="" out=4 in=2
起点：out=0 in=1
第 1 次回车后：inputValue="连发第 1 条" out=0 in=1
第 2 次回车后：inputValue="连发第 2 条" out=0 in=1
第 3 次回车后：inputValue="连发第 3 条" out=0 in=1
第 4 次回车后：inputValue="" out=1 in=1
第 5 次回车后：inputValue="" out=2 in=1
第 6 次回车后：inputValue="" out=3 in=2
第 7 次回车后：inputValue="" out=4 in=2
第 8 次回车后：inputValue="" out=5 in=2
起点：out=0 in=1
第 1 次回车后：inputValue="连发第 1 条" out=0 in=1
第 2 次回车后：inputValue="连发第 2 条" out=0 in=1
第 3 次回车后：inputValue="连发第 3 条" out=0 in=1
第 4 次回车后：inputValue="" out=1 in=1
第 5 次回车后：inputValue="" out=2 in=1
第 6 次回车后：inputValue="" out=3 in=2
第 7 次回车后：inputValue="" out=4 in=2
第 8 次回车后：inputValue="" out=5 in=2
再等 2 秒：out=8 in=3
起点：out=0 in=1
第 1 次回车后：inputValue="连发第 1 条" out=0 in=1
第 2 次回车后：inputValue="连发第 2 条" out=0 in=1
第 3 次回车后：inputValue="连发第 3 条" out=0 in=1
第 4 次回车后：inputValue="" out=1 in=1
第 5 次回车后：inputValue="" out=2 in=1
第 6 次回车后：inputValue="" out=3 in=2
第 7 次回车后：inputValue="" out=4 in=2
第 8 次回车后：inputValue="" out=5 in=2
再等 2 秒：out=8 in=3
再等 4 秒：out=8 in=5
起点：out=0 in=1
第 1 次回车后：inputValue="连发第 1 条" out=0 in=1
第 2 次回车后：inputValue="连发第 2 条" out=0 in=1
第 3 次回车后：inputValue="连发第 3 条" out=0 in=1
第 4 次回车后：inputValue="" out=1 in=1
第 5 次回车后：inputValue="" out=2 in=1
第 6 次回车后：inputValue="" out=3 in=2
第 7 次回车后：inputValue="" out=4 in=2
第 8 次回车后：inputValue="" out=5 in=2
再等 2 秒：out=8 in=3
再等 4 秒：out=8 in=5
再等 6 秒：out=8 in=7
起点：out=0 in=1
第 1 次回车后：inputValue="连发第 1 条" out=0 in=1
第 2 次回车后：inputValue="连发第 2 条" out=0 in=1
第 3 次回车后：inputValue="连发第 3 条" out=0 in=1
第 4 次回车后：inputValue="" out=1 in=1
第 5 次回车后：inputValue="" out=2 in=1
第 6 次回车后：inputValue="" out=3 in=2
第 7 次回车后：inputValue="" out=4 in=2
第 8 次回车后：inputValue="" out=5 in=2
再等 2 秒：out=8 in=3
再等 4 秒：out=8 in=5
再等 6 秒：out=8 in=7
再等 8 秒：out=8 in=8
起点：out=0 in=1
第 1 次回车后：inputValue="连发第 1 条" out=0 in=1
第 2 次回车后：inputValue="连发第 2 条" out=0 in=1
第 3 次回车后：inputValue="连发第 3 条" out=0 in=1
第 4 次回车后：inputValue="" out=1 in=1
第 5 次回车后：inputValue="" out=2 in=1
第 6 次回车后：inputValue="" out=3 in=2
第 7 次回车后：inputValue="" out=4 in=2
第 8 次回车后：inputValue="" out=5 in=2
再等 2 秒：out=8 in=3
再等 4 秒：out=8 in=5
再等 6 秒：out=8 in=7
再等 8 秒：out=8 in=8
再等 10 秒：out=8 in=9
起点：out=0 in=1
第 1 次回车后：inputValue="连发第 1 条" out=0 in=1
第 2 次回车后：inputValue="连发第 2 条" out=0 in=1
第 3 次回车后：inputValue="连发第 3 条" out=0 in=1
第 4 次回车后：inputValue="" out=1 in=1
第 5 次回车后：inputValue="" out=2 in=1
第 6 次回车后：inputValue="" out=3 in=2
第 7 次回车后：inputValue="" out=4 in=2
第 8 次回车后：inputValue="" out=5 in=2
再等 2 秒：out=8 in=3
再等 4 秒：out=8 in=5
再等 6 秒：out=8 in=7
再等 8 秒：out=8 in=8
再等 10 秒：out=8 in=9
再等 12 秒：out=8 in=9
起点：out=0 in=1
第 1 次回车后：inputValue="连发第 1 条" out=0 in=1
第 2 次回车后：inputValue="连发第 2 条" out=0 in=1
第 3 次回车后：inputValue="连发第 3 条" out=0 in=1
第 4 次回车后：inputValue="" out=1 in=1
第 5 次回车后：inputValue="" out=2 in=1
第 6 次回车后：inputValue="" out=3 in=2
第 7 次回车后：inputValue="" out=4 in=2
第 8 次回车后：inputValue="" out=5 in=2
再等 2 秒：out=8 in=3
再等 4 秒：out=8 in=5
再等 6 秒：out=8 in=7
再等 8 秒：out=8 in=8
再等 10 秒：out=8 in=9
再等 12 秒：out=8 in=9
结束
